"C:/Users/chaoq/my_designs/csi2cpi/V3_converter/source/impl_1/payload_unpack.sv=verilog,work,System Verilog"
"C:/Users/chaoq/my_designs/csi2cpi/V3_converter/source/impl_1/sync_unpack.sv=verilog,work,System Verilog"
"C:/Users/chaoq/my_designs/csi2cpi/V3_converter/source/impl_1/axis4_slave_if.sv=verilog,work,System Verilog"
"C:/Users/chaoq/my_designs/csi2cpi/V3_converter/source/impl_1/DPHY_INST.v=verilog,work,Verilog 2001"
"C:/Users/chaoq/my_designs/csi2cpi/V3_converter/source/impl_1/wrapper_test_da.sv=verilog,work,System Verilog"
"C:/Users/chaoq/my_designs/csi2cpi/V3_converter/source/impl_1/bus_driver.v=verilog,work,Verilog 2001"
"C:/Users/chaoq/my_designs/csi2cpi/V3_converter/source/impl_1/clk_driver.v=verilog,work,Verilog 2001"
"C:/Users/chaoq/my_designs/csi2cpi/V3_converter/source/impl_1/csi2_model.v=verilog,work,Verilog 2001"
"C:/Users/chaoq/my_designs/csi2cpi/V3_converter/source/impl_1/tb_da.sv=verilog,work,System Verilog"
"C:/Users/chaoq/my_designs/csi2cpi/V3_converter/myDphy/rtl/myDphy.v=verilog,work"
"C:/Users/chaoq/my_designs/csi2cpi/D_unpack/int_gpll/rtl/int_gpll.v=verilog,work"
"C:/Users/chaoq/my_designs/csi2cpi/D_unpack/my_fifo1/rtl/my_fifo1.v=verilog,work"
